// Jest Snapshot v1, https://goo.gl/fbAQLP

exports[`matches calculator snapshot 1`] = `
<div
  className="wrapper"
>
  <div
    className="calc-intro"
  >
    Let's do some Math
  </div>
  <div
    className="container"
  >
    <div
      className="app-screen"
    >
      0
    </div>
    <div
      className="app-input"
    >
      <button
        onClick={[Function]}
        type="button"
      >
        AC
      </button>
      <button
        onClick={[Function]}
        type="button"
      >
        +/-
      </button>
      <button
        onClick={[Function]}
        type="button"
      >
        %
      </button>
      <button
        className="app-operator"
        onClick={[Function]}
        type="button"
      >
        รท
      </button>
      <button
        onClick={[Function]}
        type="button"
      >
        7
      </button>
      <button
        onClick={[Function]}
        type="button"
      >
        8
      </button>
      <button
        onClick={[Function]}
        type="button"
      >
        9
      </button>
      <button
        className="app-operator"
        onClick={[Function]}
        type="button"
      >
        x
      </button>
      <button
        onClick={[Function]}
        type="button"
      >
        4
      </button>
      <button
        onClick={[Function]}
        type="button"
      >
        5
      </button>
      <button
        onClick={[Function]}
        type="button"
      >
        6
      </button>
      <button
        className="app-operator"
        onClick={[Function]}
        type="button"
      >
        -
      </button>
      <button
        onClick={[Function]}
        type="button"
      >
        1
      </button>
      <button
        onClick={[Function]}
        type="button"
      >
        2
      </button>
      <button
        onClick={[Function]}
        type="button"
      >
        3
      </button>
      <button
        className="app-operator"
        onClick={[Function]}
        type="button"
      >
        +
      </button>
      <button
        className="double-item"
        onClick={[Function]}
        type="button"
      >
        0
      </button>
      <button
        onClick={[Function]}
        type="button"
      >
        .
      </button>
      <button
        className="app-operator"
        onClick={[Function]}
        type="button"
      >
        =
      </button>
    </div>
  </div>
</div>
`;
